2024-07-22 22:58:55,028 Selected Power Types: []
2024-07-22 22:58:55,028 Starting character generation with Power Level: 10
2024-07-22 22:58:55,031 Allocated Points - Stats: 30, Advantages: 30, Skills: 30, Defenses: 30, Powers: 30
2024-07-22 22:58:55,032 Allocating 30 points to stats.
2024-07-22 22:58:55,032 Allocated 2 points to Agility (High).
2024-07-22 22:58:55,032 Allocated 1 points to Intellect (High).
2024-07-22 22:58:55,032 Allocated 2 points to Fighting (High).
2024-07-22 22:58:55,032 Allocated 0 points to Awareness (Moderate).
2024-07-22 22:58:55,032 Allocated 1 points to Stamina (Moderate).
2024-07-22 22:58:55,032 Allocated 1 points to Strength (Moderate).
2024-07-22 22:58:55,032 Allocated 2 points to Presence (Low).
2024-07-22 22:58:55,032 Allocated 1 points to Dexterity (Low).
2024-07-22 22:58:55,032 Distributed remaining points to Agility, adding 1 points.
2024-07-22 22:58:55,032 Distributed remaining points to Intellect, adding 1 points.
2024-07-22 22:58:55,032 Distributed remaining points to Fighting, adding 1 points.
2024-07-22 22:58:55,032 Distributed remaining points to Awareness, adding 1 points.
2024-07-22 22:58:55,032 Distributed remaining points to Stamina, adding 1 points.
2024-07-22 22:58:55,032 Allocated Stats.
2024-07-22 22:58:55,032 Updated Defenses.
2024-07-22 22:58:55,032 Starting skill allocation with 30 points.
2024-07-22 22:58:55,032 Allocated Vehicles: rank 10, cost 5, remaining points 25
2024-07-22 22:58:55,032 Allocated Perception: rank 9, cost 5, remaining points 20
2024-07-22 22:58:55,032 Allocated Intimidation: rank 9, cost 5, remaining points 15
2024-07-22 22:58:55,032 Allocated Deception: rank 10, cost 5, remaining points 10
2024-07-22 22:58:55,032 Allocated Treatment: rank 3, cost 2, remaining points 8
2024-07-22 22:58:55,032 Allocated Expertise: rank 4, cost 2, remaining points 6
2024-07-22 22:58:55,032 Allocated Sleight of Hand: rank 4, cost 2, remaining points 4
2024-07-22 22:58:55,032 Allocated Insight: rank 5, cost 3, remaining points 1
2024-07-22 22:58:55,032 Allocated Close Combat: rank 1, cost 1, remaining points 0
2024-07-22 22:58:55,032 Skill allocation complete.
2024-07-22 22:58:55,033 Allocated Skills.
2024-07-22 22:58:55,033 Allocating 30 points to advantages with a max of 20 advantages.
2024-07-22 22:58:55,033 Allocated advantage Seize Initiative with rank 1 and cost 1.
2024-07-22 22:58:55,033 Allocated advantage Fearless with rank 1 and cost 1.
2024-07-22 22:58:55,033 Allocated advantage Improved Smash with rank 1 and cost 1.
2024-07-22 22:58:55,033 Allocated advantage Sidekick with rank 5 and cost 5.
2024-07-22 22:58:55,033 Allocated advantage Benefit Status with rank 1 and cost 1.
2024-07-22 22:58:55,033 Allocated advantage Artificer with rank 1 and cost 1.
2024-07-22 22:58:55,033 Allocated advantage Startle with rank 1 and cost 1.
2024-07-22 22:58:55,033 Allocated advantage Beginner's Luck with rank 1 and cost 1.
2024-07-22 22:58:55,033 Allocated advantage Precise Attack with rank 3 and cost 3.
2024-07-22 22:58:55,033 Allocated advantage Improved Critical with rank 3 and cost 3.
2024-07-22 22:58:55,033 Allocated advantage Improved Trip with rank 1 and cost 1.
2024-07-22 22:58:55,033 Allocated advantage Improved Defense with rank 1 and cost 1.
2024-07-22 22:58:55,033 Allocated advantage Move-by Action with rank 1 and cost 1.
2024-07-22 22:58:55,033 Allocated advantage Power Attack with rank 1 and cost 1.
2024-07-22 22:58:55,033 Allocated advantage Improved Aim with rank 1 and cost 1.
2024-07-22 22:58:55,033 Allocated advantage Benefit Ambidexterity with rank 1 and cost 1.
2024-07-22 22:58:55,033 Allocated advantage Diehard with rank 1 and cost 1.
2024-07-22 22:58:55,033 Allocated advantage Evasion with rank 2 and cost 2.
2024-07-22 22:58:55,033 Allocated advantage Trance with rank 1 and cost 1.
2024-07-22 22:58:55,033 Allocated remaining points to Equipment, rank 2.
2024-07-22 22:58:55,033 Allocated Advantages.
2024-07-22 22:58:55,033 Allocating 30 points to defenses.
2024-07-22 22:58:55,033 Allocated 1 point to Dodge, total rank is now 4.
2024-07-22 22:58:55,033 Allocated 1 point to Fortitude, total rank is now 3.
2024-07-22 22:58:55,033 Allocated 1 point to Parry, total rank is now 4.
2024-07-22 22:58:55,033 Allocated 1 point to Will, total rank is now 2.
2024-07-22 22:58:55,033 Allocated 1 point to Toughness, total rank is now 3.
2024-07-22 22:58:55,033 Allocated 1 point to Dodge, total rank is now 5.
2024-07-22 22:58:55,033 Allocated 1 point to Fortitude, total rank is now 4.
2024-07-22 22:58:55,033 Allocated 1 point to Parry, total rank is now 5.
2024-07-22 22:58:55,033 Allocated 1 point to Will, total rank is now 3.
2024-07-22 22:58:55,033 Allocated 1 point to Toughness, total rank is now 4.
2024-07-22 22:58:55,033 Allocated 1 point to Dodge, total rank is now 6.
2024-07-22 22:58:55,033 Allocated 1 point to Fortitude, total rank is now 5.
2024-07-22 22:58:55,033 Allocated 1 point to Parry, total rank is now 6.
2024-07-22 22:58:55,033 Allocated 1 point to Will, total rank is now 4.
2024-07-22 22:58:55,033 Allocated 1 point to Toughness, total rank is now 5.
2024-07-22 22:58:55,033 Allocated 1 point to Dodge, total rank is now 7.
2024-07-22 22:58:55,033 Allocated 1 point to Fortitude, total rank is now 6.
2024-07-22 22:58:55,033 Allocated 1 point to Parry, total rank is now 7.
2024-07-22 22:58:55,033 Allocated 1 point to Will, total rank is now 5.
2024-07-22 22:58:55,033 Allocated 1 point to Toughness, total rank is now 6.
2024-07-22 22:58:55,033 Allocated 1 point to Dodge, total rank is now 8.
2024-07-22 22:58:55,033 Allocated 1 point to Fortitude, total rank is now 7.
2024-07-22 22:58:55,033 Allocated 1 point to Parry, total rank is now 8.
2024-07-22 22:58:55,033 Allocated 1 point to Will, total rank is now 6.
2024-07-22 22:58:55,033 Allocated 1 point to Toughness, total rank is now 7.
2024-07-22 22:58:55,033 Allocated 1 point to Dodge, total rank is now 9.
2024-07-22 22:58:55,033 Allocated 1 point to Fortitude, total rank is now 8.
2024-07-22 22:58:55,033 Allocated 1 point to Parry, total rank is now 9.
2024-07-22 22:58:55,033 Allocated 1 point to Will, total rank is now 7.
2024-07-22 22:58:55,033 Allocated 1 point to Toughness, total rank is now 8.
2024-07-22 22:58:55,033 Allocated Defenses.
2024-07-22 22:58:55,033 Allocating 30 points to powers with a max of 20 powers.
2024-07-22 22:58:55,033 Allocated Powers.
2024-07-22 22:58:55,034 Character generation completed.
2024-07-22 22:59:12,051 Selected Power Types: [('Combat', 'Melee', 2), ('Combat', 'Ranged', 0), ('Utility', None, 2), ('Support', None, 1), ('Movement', None, 2), ('Defensive', None, 1)]
2024-07-22 22:59:12,051 Starting character generation with Power Level: 10
2024-07-22 22:59:12,055 Allocated Points - Stats: 30, Advantages: 30, Skills: 30, Defenses: 30, Powers: 30
2024-07-22 22:59:12,055 Allocating 30 points to stats.
2024-07-22 22:59:12,055 Allocated 2 points to Agility (High).
2024-07-22 22:59:12,055 Allocated 1 points to Stamina (High).
2024-07-22 22:59:12,055 Allocated 1 points to Awareness (High).
2024-07-22 22:59:12,055 Allocated 1 points to Intellect (Moderate).
2024-07-22 22:59:12,055 Allocated 1 points to Dexterity (Moderate).
2024-07-22 22:59:12,055 Allocated 1 points to Fighting (Moderate).
2024-07-22 22:59:12,055 Allocated 2 points to Presence (Low).
2024-07-22 22:59:12,055 Allocated 1 points to Strength (Low).
2024-07-22 22:59:12,055 Distributed remaining points to Agility, adding 1 points.
2024-07-22 22:59:12,055 Distributed remaining points to Stamina, adding 1 points.
2024-07-22 22:59:12,055 Distributed remaining points to Awareness, adding 1 points.
2024-07-22 22:59:12,055 Distributed remaining points to Intellect, adding 1 points.
2024-07-22 22:59:12,055 Distributed remaining points to Dexterity, adding 1 points.
2024-07-22 22:59:12,055 Allocated Stats.
2024-07-22 22:59:12,055 Updated Defenses.
2024-07-22 22:59:12,055 Starting skill allocation with 30 points.
2024-07-22 22:59:12,055 Allocated Stealth: rank 0, cost 0, remaining points 30
2024-07-22 22:59:12,055 Allocated Acrobatics: rank 0, cost 0, remaining points 30
2024-07-22 22:59:12,055 Allocated Vehicles: rank 0, cost 0, remaining points 30
2024-07-22 22:59:12,056 Allocated Treatment: rank 0, cost 0, remaining points 30
2024-07-22 22:59:12,056 Allocated Persuasion: rank 4, cost 2, remaining points 28
2024-07-22 22:59:12,056 Allocated Deception: rank 3, cost 2, remaining points 26
2024-07-22 22:59:12,056 Allocated Insight: rank 5, cost 3, remaining points 23
2024-07-22 22:59:12,056 Allocated Intimidation: rank 3, cost 2, remaining points 21
2024-07-22 22:59:12,056 Allocated Technology: rank 4, cost 2, remaining points 19
2024-07-22 22:59:12,056 Allocated Investigation: rank 3, cost 2, remaining points 17
2024-07-22 22:59:12,056 Allocated Expertise: rank 4, cost 2, remaining points 15
2024-07-22 22:59:12,056 Allocated Sleight of Hand: rank 3, cost 2, remaining points 13
2024-07-22 22:59:12,056 Allocated Perception: rank 8, cost 4, remaining points 9
2024-07-22 22:59:12,056 Allocated Athletics: rank 6, cost 3, remaining points 6
2024-07-22 22:59:12,056 Allocated Close Combat: rank 6, cost 3, remaining points 3
2024-07-22 22:59:12,056 Allocated Ranged Combat: rank 5, cost 3, remaining points 0
2024-07-22 22:59:12,056 Skill allocation complete.
2024-07-22 22:59:12,056 Allocated Skills.
2024-07-22 22:59:12,056 Allocating 30 points to advantages with a max of 20 advantages.
2024-07-22 22:59:12,056 Allocated advantage Tracking with rank 1 and cost 1.
2024-07-22 22:59:12,056 Allocated advantage Defensive Roll with rank 2 and cost 2.
2024-07-22 22:59:12,056 Allocated advantage Ultimate Effort with rank 1 and cost 1.
2024-07-22 22:59:12,056 Allocated advantage Improved Defense with rank 1 and cost 1.
2024-07-22 22:59:12,056 Allocated advantage Skill Mastery with rank 10 and cost 10.
2024-07-22 22:59:12,056 Allocated advantage Ritualist with rank 1 and cost 1.
2024-07-22 22:59:12,056 Allocated advantage Great Endurance with rank 1 and cost 1.
2024-07-22 22:59:12,056 Allocated advantage Artificer with rank 1 and cost 1.
2024-07-22 22:59:12,056 Allocated advantage Trance with rank 1 and cost 1.
2024-07-22 22:59:12,056 Allocated advantage Leadership with rank 1 and cost 1.
2024-07-22 22:59:12,056 Allocated advantage Benefit Wealth with rank 1 and cost 1.
2024-07-22 22:59:12,056 Allocated advantage Extraordinary Effort with rank 1 and cost 1.
2024-07-22 22:59:12,056 Allocated advantage Takedown with rank 2 and cost 2.
2024-07-22 22:59:12,056 Allocated advantage Taunt with rank 1 and cost 1.
2024-07-22 22:59:12,056 Allocated advantage Improved Disarm with rank 1 and cost 1.
2024-07-22 22:59:12,056 Allocated advantage Interpose with rank 1 and cost 1.
2024-07-22 22:59:12,056 Allocated advantage Improved Smash with rank 1 and cost 1.
2024-07-22 22:59:12,056 Allocated advantage Agile Feint with rank 1 and cost 1.
2024-07-22 22:59:12,056 Allocated remaining points to Equipment, rank 1.
2024-07-22 22:59:12,056 Allocated Advantages.
2024-07-22 22:59:12,056 Allocating 30 points to defenses.
2024-07-22 22:59:12,056 Allocated 1 point to Dodge, total rank is now 4.
2024-07-22 22:59:12,056 Allocated 1 point to Fortitude, total rank is now 3.
2024-07-22 22:59:12,056 Allocated 1 point to Parry, total rank is now 2.
2024-07-22 22:59:12,056 Allocated 1 point to Will, total rank is now 3.
2024-07-22 22:59:12,056 Allocated 1 point to Toughness, total rank is now 3.
2024-07-22 22:59:12,056 Allocated 1 point to Dodge, total rank is now 5.
2024-07-22 22:59:12,056 Allocated 1 point to Fortitude, total rank is now 4.
2024-07-22 22:59:12,056 Allocated 1 point to Parry, total rank is now 3.
2024-07-22 22:59:12,056 Allocated 1 point to Will, total rank is now 4.
2024-07-22 22:59:12,056 Allocated 1 point to Toughness, total rank is now 4.
2024-07-22 22:59:12,056 Allocated 1 point to Dodge, total rank is now 6.
2024-07-22 22:59:12,056 Allocated 1 point to Fortitude, total rank is now 5.
2024-07-22 22:59:12,056 Allocated 1 point to Parry, total rank is now 4.
2024-07-22 22:59:12,056 Allocated 1 point to Will, total rank is now 5.
2024-07-22 22:59:12,056 Allocated 1 point to Toughness, total rank is now 5.
2024-07-22 22:59:12,056 Allocated 1 point to Dodge, total rank is now 7.
2024-07-22 22:59:12,056 Allocated 1 point to Fortitude, total rank is now 6.
2024-07-22 22:59:12,056 Allocated 1 point to Parry, total rank is now 5.
2024-07-22 22:59:12,056 Allocated 1 point to Will, total rank is now 6.
2024-07-22 22:59:12,056 Allocated 1 point to Toughness, total rank is now 6.
2024-07-22 22:59:12,056 Allocated 1 point to Dodge, total rank is now 8.
2024-07-22 22:59:12,056 Allocated 1 point to Fortitude, total rank is now 7.
2024-07-22 22:59:12,056 Allocated 1 point to Parry, total rank is now 6.
2024-07-22 22:59:12,056 Allocated 1 point to Will, total rank is now 7.
2024-07-22 22:59:12,056 Allocated 1 point to Toughness, total rank is now 7.
2024-07-22 22:59:12,056 Allocated 1 point to Dodge, total rank is now 9.
2024-07-22 22:59:12,056 Allocated 1 point to Fortitude, total rank is now 8.
2024-07-22 22:59:12,056 Allocated 1 point to Parry, total rank is now 7.
2024-07-22 22:59:12,056 Allocated 1 point to Will, total rank is now 8.
2024-07-22 22:59:12,056 Allocated 1 point to Toughness, total rank is now 8.
2024-07-22 22:59:12,057 Allocated Defenses.
2024-07-22 22:59:12,057 Allocating 30 points to powers with a max of 20 powers.
2024-07-22 22:59:12,057 Allocated power Nullify with rank 17 and total cost 12.
2024-07-22 22:59:12,057 Allocated power Damage with rank 14 and total cost 14.
2024-07-22 22:59:12,057 Allocated power Senses with rank 3 and total cost 1.
2024-07-22 22:59:12,057 Allocated power Quickness with rank 1 and total cost 1.
2024-07-22 22:59:12,057 Allocated power Protection with rank 1 and total cost 1.
2024-07-22 22:59:12,057 Allocated Powers.
2024-07-22 22:59:12,058 Character generation completed.
2024-07-22 23:00:24,602 Selected Power Types: [('Combat', 'Melee', 2), ('Combat', 'Ranged', 0), ('Utility', None, 2), ('Support', None, 1), ('Movement', None, 2), ('Defensive', None, 1)]
2024-07-22 23:00:24,602 Starting character generation with Power Level: 10
2024-07-22 23:00:24,606 Allocated Points - Stats: 30, Advantages: 30, Skills: 30, Defenses: 30, Powers: 30
2024-07-22 23:00:24,606 Allocating 30 points to stats.
2024-07-22 23:00:24,606 Allocated 1 points to Awareness (High).
2024-07-22 23:00:24,606 Allocated 2 points to Fighting (High).
2024-07-22 23:00:24,606 Allocated 1 points to Agility (High).
2024-07-22 23:00:24,606 Allocated 0 points to Intellect (Moderate).
2024-07-22 23:00:24,606 Allocated 1 points to Stamina (Moderate).
2024-07-22 23:00:24,606 Allocated 0 points to Presence (Moderate).
2024-07-22 23:00:24,606 Allocated 1 points to Dexterity (Low).
2024-07-22 23:00:24,606 Allocated 2 points to Strength (Low).
2024-07-22 23:00:24,606 Distributed remaining points to Awareness, adding 1 points.
2024-07-22 23:00:24,606 Distributed remaining points to Fighting, adding 1 points.
2024-07-22 23:00:24,606 Distributed remaining points to Agility, adding 1 points.
2024-07-22 23:00:24,606 Distributed remaining points to Intellect, adding 1 points.
2024-07-22 23:00:24,606 Distributed remaining points to Stamina, adding 1 points.
2024-07-22 23:00:24,606 Distributed remaining points to Presence, adding 1 points.
2024-07-22 23:00:24,606 Distributed remaining points to Dexterity, adding 1 points.
2024-07-22 23:00:24,606 Allocated Stats.
2024-07-22 23:00:24,606 Updated Defenses.
2024-07-22 23:00:24,606 Starting skill allocation with 30 points.
2024-07-22 23:00:24,606 Allocated Intimidation: rank 1, cost 1, remaining points 29
2024-07-22 23:00:24,606 Allocated Vehicles: rank 1, cost 1, remaining points 28
2024-07-22 23:00:24,606 Allocated Insight: rank 0, cost 0, remaining points 28
2024-07-22 23:00:24,606 Allocated Athletics: rank 2, cost 1, remaining points 27
2024-07-22 23:00:24,606 Allocated Ranged Combat: rank 6, cost 3, remaining points 24
2024-07-22 23:00:24,606 Allocated Stealth: rank 8, cost 4, remaining points 20
2024-07-22 23:00:24,606 Allocated Close Combat: rank 6, cost 3, remaining points 17
2024-07-22 23:00:24,606 Allocated Perception: rank 10, cost 5, remaining points 12
2024-07-22 23:00:24,606 Allocated Investigation: rank 4, cost 2, remaining points 10
2024-07-22 23:00:24,607 Allocated Technology: rank 5, cost 3, remaining points 7
2024-07-22 23:00:24,607 Allocated Persuasion: rank 5, cost 3, remaining points 4
2024-07-22 23:00:24,607 Allocated Deception: rank 4, cost 2, remaining points 2
2024-07-22 23:00:24,607 Allocated Treatment: rank 3, cost 2, remaining points 0
2024-07-22 23:00:24,607 Skill allocation complete.
2024-07-22 23:00:24,607 Allocated Skills.
2024-07-22 23:00:24,607 Allocating 30 points to advantages with a max of 20 advantages.
2024-07-22 23:00:24,607 Allocated advantage Equipment with rank 1 and cost 1.
2024-07-22 23:00:24,607 Allocated advantage Improved Initiative with rank 5 and cost 5.
2024-07-22 23:00:24,607 Allocated advantage Close Attack with rank 4 and cost 4.
2024-07-22 23:00:24,607 Allocated advantage Animal Empathy with rank 1 and cost 1.
2024-07-22 23:00:24,607 Allocated advantage Instant Up with rank 1 and cost 1.
2024-07-22 23:00:24,607 Allocated advantage Improved Smash with rank 1 and cost 1.
2024-07-22 23:00:24,607 Allocated advantage Defensive Attack with rank 1 and cost 1.
2024-07-22 23:00:24,607 Allocated advantage Improved Grab with rank 1 and cost 1.
2024-07-22 23:00:24,607 Allocated advantage Agile Feint with rank 1 and cost 1.
2024-07-22 23:00:24,607 Allocated advantage Benefit Status with rank 1 and cost 1.
2024-07-22 23:00:24,607 Allocated advantage Luck with rank 5 and cost 5.
2024-07-22 23:00:24,607 Allocated advantage Extraordinary Effort with rank 1 and cost 1.
2024-07-22 23:00:24,607 Allocated advantage Favored Environment with rank 1 and cost 1.
2024-07-22 23:00:24,607 Allocated advantage Well-informed with rank 1 and cost 1.
2024-07-22 23:00:24,607 Allocated advantage Favored Foe with rank 1 and cost 1.
2024-07-22 23:00:24,607 Allocated advantage Improved Critical with rank 3 and cost 3.
2024-07-22 23:00:24,607 Allocated advantage Grabbing Finesse with rank 1 and cost 1.
2024-07-22 23:00:24,607 Allocated Advantages.
2024-07-22 23:00:24,607 Allocating 30 points to defenses.
2024-07-22 23:00:24,607 Allocated 1 point to Dodge, total rank is now 3.
2024-07-22 23:00:24,607 Allocated 1 point to Fortitude, total rank is now 3.
2024-07-22 23:00:24,607 Allocated 1 point to Parry, total rank is now 4.
2024-07-22 23:00:24,607 Allocated 1 point to Will, total rank is now 3.
2024-07-22 23:00:24,607 Allocated 1 point to Toughness, total rank is now 3.
2024-07-22 23:00:24,607 Allocated 1 point to Dodge, total rank is now 4.
2024-07-22 23:00:24,607 Allocated 1 point to Fortitude, total rank is now 4.
2024-07-22 23:00:24,607 Allocated 1 point to Parry, total rank is now 5.
2024-07-22 23:00:24,607 Allocated 1 point to Will, total rank is now 4.
2024-07-22 23:00:24,607 Allocated 1 point to Toughness, total rank is now 4.
2024-07-22 23:00:24,607 Allocated 1 point to Dodge, total rank is now 5.
2024-07-22 23:00:24,607 Allocated 1 point to Fortitude, total rank is now 5.
2024-07-22 23:00:24,607 Allocated 1 point to Parry, total rank is now 6.
2024-07-22 23:00:24,607 Allocated 1 point to Will, total rank is now 5.
2024-07-22 23:00:24,607 Allocated 1 point to Toughness, total rank is now 5.
2024-07-22 23:00:24,607 Allocated 1 point to Dodge, total rank is now 6.
2024-07-22 23:00:24,607 Allocated 1 point to Fortitude, total rank is now 6.
2024-07-22 23:00:24,607 Allocated 1 point to Parry, total rank is now 7.
2024-07-22 23:00:24,607 Allocated 1 point to Will, total rank is now 6.
2024-07-22 23:00:24,607 Allocated 1 point to Toughness, total rank is now 6.
2024-07-22 23:00:24,607 Allocated 1 point to Dodge, total rank is now 7.
2024-07-22 23:00:24,607 Allocated 1 point to Fortitude, total rank is now 7.
2024-07-22 23:00:24,607 Allocated 1 point to Parry, total rank is now 8.
2024-07-22 23:00:24,607 Allocated 1 point to Will, total rank is now 7.
2024-07-22 23:00:24,607 Allocated 1 point to Toughness, total rank is now 7.
2024-07-22 23:00:24,607 Allocated 1 point to Dodge, total rank is now 8.
2024-07-22 23:00:24,607 Allocated 1 point to Fortitude, total rank is now 8.
2024-07-22 23:00:24,607 Allocated 1 point to Parry, total rank is now 9.
2024-07-22 23:00:24,607 Allocated 1 point to Will, total rank is now 8.
2024-07-22 23:00:24,607 Allocated 1 point to Toughness, total rank is now 8.
2024-07-22 23:00:24,607 Allocated Defenses.
2024-07-22 23:00:24,607 Allocating 30 points to powers with a max of 20 powers.
2024-07-22 23:00:24,607 Allocated power Damage with rank 3 and total cost 6.
2024-07-22 23:00:24,607 Allocated power Senses with rank 10 and total cost 9.
2024-07-22 23:00:24,607 Allocated power Regeneration with rank 12 and total cost 13.
2024-07-22 23:00:24,608 Allocated power Swimming with rank 2 and total cost 1.
2024-07-22 23:00:24,608 Allocated power Burrowing with rank 1 and total cost 1.
2024-07-22 23:00:24,608 Allocated Powers.
2024-07-22 23:00:24,608 Character generation completed.
2024-07-22 23:00:25,860 Selected Power Types: [('Combat', 'Melee', 2), ('Combat', 'Ranged', 0), ('Utility', None, 2), ('Support', None, 1), ('Movement', None, 2), ('Defensive', None, 1)]
2024-07-22 23:00:25,860 Starting character generation with Power Level: 10
2024-07-22 23:00:25,863 Allocated Points - Stats: 30, Advantages: 30, Skills: 30, Defenses: 30, Powers: 30
2024-07-22 23:00:25,863 Allocating 30 points to stats.
2024-07-22 23:00:25,863 Allocated 1 points to Presence (High).
2024-07-22 23:00:25,864 Allocated 1 points to Fighting (High).
2024-07-22 23:00:25,864 Allocated 2 points to Dexterity (High).
2024-07-22 23:00:25,864 Allocated 1 points to Awareness (Moderate).
2024-07-22 23:00:25,864 Allocated 0 points to Stamina (Moderate).
2024-07-22 23:00:25,864 Allocated 0 points to Strength (Moderate).
2024-07-22 23:00:25,864 Allocated 2 points to Intellect (Low).
2024-07-22 23:00:25,864 Allocated 2 points to Agility (Low).
2024-07-22 23:00:25,864 Distributed remaining points to Presence, adding 1 points.
2024-07-22 23:00:25,864 Distributed remaining points to Fighting, adding 1 points.
2024-07-22 23:00:25,864 Distributed remaining points to Dexterity, adding 1 points.
2024-07-22 23:00:25,864 Distributed remaining points to Awareness, adding 1 points.
2024-07-22 23:00:25,864 Distributed remaining points to Stamina, adding 1 points.
2024-07-22 23:00:25,864 Distributed remaining points to Strength, adding 1 points.
2024-07-22 23:00:25,864 Allocated Stats.
2024-07-22 23:00:25,864 Updated Defenses.
2024-07-22 23:00:25,864 Starting skill allocation with 30 points.
2024-07-22 23:00:25,864 Allocated Technology: rank 5, cost 3, remaining points 27
2024-07-22 23:00:25,864 Allocated Persuasion: rank 4, cost 2, remaining points 25
2024-07-22 23:00:25,864 Allocated Perception: rank 3, cost 2, remaining points 23
2024-07-22 23:00:25,864 Allocated Deception: rank 5, cost 3, remaining points 20
2024-07-22 23:00:25,864 Allocated Insight: rank 3, cost 2, remaining points 18
2024-07-22 23:00:25,864 Allocated Athletics: rank 5, cost 3, remaining points 15
2024-07-22 23:00:25,864 Allocated Treatment: rank 4, cost 2, remaining points 13
2024-07-22 23:00:25,864 Allocated Stealth: rank 4, cost 2, remaining points 11
2024-07-22 23:00:25,864 Allocated Close Combat: rank 1, cost 1, remaining points 10
2024-07-22 23:00:25,864 Allocated Ranged Combat: rank 0, cost 0, remaining points 10
2024-07-22 23:00:25,864 Allocated Investigation: rank 1, cost 1, remaining points 9
2024-07-22 23:00:25,864 Allocated Expertise: rank 1, cost 1, remaining points 8
2024-07-22 23:00:25,864 Allocated Vehicles: rank 7, cost 4, remaining points 4
2024-07-22 23:00:25,864 Allocated Acrobatics: rank 7, cost 4, remaining points 0
2024-07-22 23:00:25,864 Skill allocation complete.
2024-07-22 23:00:25,864 Allocated Skills.
2024-07-22 23:00:25,864 Allocating 30 points to advantages with a max of 20 advantages.
2024-07-22 23:00:25,864 Allocated advantage Minion with rank 2 and cost 2.
2024-07-22 23:00:25,864 Allocated advantage Evasion with rank 1 and cost 1.
2024-07-22 23:00:25,864 Allocated advantage Contacts with rank 1 and cost 1.
2024-07-22 23:00:25,864 Allocated advantage Great Endurance with rank 1 and cost 1.
2024-07-22 23:00:25,864 Allocated advantage Benefit Ambidexterity with rank 1 and cost 1.
2024-07-22 23:00:25,864 Allocated advantage Instant Up with rank 1 and cost 1.
2024-07-22 23:00:25,864 Allocated advantage Diehard with rank 1 and cost 1.
2024-07-22 23:00:25,864 Allocated advantage Weapon Break with rank 1 and cost 1.
2024-07-22 23:00:25,864 Allocated advantage Ultimate Effort with rank 1 and cost 1.
2024-07-22 23:00:25,864 Allocated advantage Extraordinary Effort with rank 1 and cost 1.
2024-07-22 23:00:25,864 Allocated advantage Tracking with rank 1 and cost 1.
2024-07-22 23:00:25,864 Allocated advantage Improved Hold with rank 1 and cost 1.
2024-07-22 23:00:25,864 Allocated advantage Defensive Roll with rank 3 and cost 3.
2024-07-22 23:00:25,864 Allocated advantage Ranged Attack with rank 8 and cost 8.
2024-07-22 23:00:25,864 Allocated advantage Improved Trip with rank 1 and cost 1.
2024-07-22 23:00:25,864 Allocated advantage Benefit Cipher with rank 1 and cost 1.
2024-07-22 23:00:25,864 Allocated advantage Well-informed with rank 1 and cost 1.
2024-07-22 23:00:25,864 Allocated advantage Fearless with rank 1 and cost 1.
2024-07-22 23:00:25,864 Allocated advantage Eidetic Memory with rank 1 and cost 1.
2024-07-22 23:00:25,864 Allocated advantage Weapon Bind with rank 1 and cost 1.
2024-07-22 23:00:25,864 Allocated Advantages.
2024-07-22 23:00:25,864 Allocating 30 points to defenses.
2024-07-22 23:00:25,864 Allocated 1 point to Dodge, total rank is now 3.
2024-07-22 23:00:25,864 Allocated 1 point to Fortitude, total rank is now 2.
2024-07-22 23:00:25,864 Allocated 1 point to Parry, total rank is now 3.
2024-07-22 23:00:25,864 Allocated 1 point to Will, total rank is now 3.
2024-07-22 23:00:25,864 Allocated 1 point to Toughness, total rank is now 2.
2024-07-22 23:00:25,864 Allocated 1 point to Dodge, total rank is now 4.
2024-07-22 23:00:25,864 Allocated 1 point to Fortitude, total rank is now 3.
2024-07-22 23:00:25,864 Allocated 1 point to Parry, total rank is now 4.
2024-07-22 23:00:25,864 Allocated 1 point to Will, total rank is now 4.
2024-07-22 23:00:25,864 Allocated 1 point to Toughness, total rank is now 3.
2024-07-22 23:00:25,865 Allocated 1 point to Dodge, total rank is now 5.
2024-07-22 23:00:25,865 Allocated 1 point to Fortitude, total rank is now 4.
2024-07-22 23:00:25,865 Allocated 1 point to Parry, total rank is now 5.
2024-07-22 23:00:25,865 Allocated 1 point to Will, total rank is now 5.
2024-07-22 23:00:25,865 Allocated 1 point to Toughness, total rank is now 4.
2024-07-22 23:00:25,865 Allocated 1 point to Dodge, total rank is now 6.
2024-07-22 23:00:25,865 Allocated 1 point to Fortitude, total rank is now 5.
2024-07-22 23:00:25,865 Allocated 1 point to Parry, total rank is now 6.
2024-07-22 23:00:25,865 Allocated 1 point to Will, total rank is now 6.
2024-07-22 23:00:25,865 Allocated 1 point to Toughness, total rank is now 5.
2024-07-22 23:00:25,865 Allocated 1 point to Dodge, total rank is now 7.
2024-07-22 23:00:25,865 Allocated 1 point to Fortitude, total rank is now 6.
2024-07-22 23:00:25,865 Allocated 1 point to Parry, total rank is now 7.
2024-07-22 23:00:25,865 Allocated 1 point to Will, total rank is now 7.
2024-07-22 23:00:25,865 Allocated 1 point to Toughness, total rank is now 6.
2024-07-22 23:00:25,865 Allocated 1 point to Dodge, total rank is now 8.
2024-07-22 23:00:25,865 Allocated 1 point to Fortitude, total rank is now 7.
2024-07-22 23:00:25,865 Allocated 1 point to Parry, total rank is now 8.
2024-07-22 23:00:25,865 Allocated 1 point to Will, total rank is now 8.
2024-07-22 23:00:25,865 Allocated 1 point to Toughness, total rank is now 7.
2024-07-22 23:00:25,865 Allocated Defenses.
2024-07-22 23:00:25,865 Allocating 30 points to powers with a max of 20 powers.
2024-07-22 23:00:25,865 Allocated power Weaken Attack with rank 12 and total cost 13.
2024-07-22 23:00:25,865 Allocated power Damage with rank 4 and total cost 5.
2024-07-22 23:00:25,865 Allocated power Shrinking with rank 7 and total cost 5.
2024-07-22 23:00:25,865 Allocated power Growth with rank 3 and total cost 3.
2024-07-22 23:00:25,865 Allocated power Immunity with rank 2 and total cost 1.
2024-07-22 23:00:25,865 Allocated Powers.
2024-07-22 23:00:25,865 Character generation completed.
2024-07-22 23:00:26,197 Selected Power Types: [('Combat', 'Melee', 2), ('Combat', 'Ranged', 0), ('Utility', None, 2), ('Support', None, 1), ('Movement', None, 2), ('Defensive', None, 1)]
2024-07-22 23:00:26,197 Starting character generation with Power Level: 10
2024-07-22 23:00:26,201 Allocated Points - Stats: 30, Advantages: 30, Skills: 30, Defenses: 30, Powers: 30
2024-07-22 23:00:26,201 Allocating 30 points to stats.
2024-07-22 23:00:26,201 Allocated 2 points to Dexterity (High).
2024-07-22 23:00:26,201 Allocated 1 points to Stamina (High).
2024-07-22 23:00:26,201 Allocated 2 points to Agility (High).
2024-07-22 23:00:26,201 Allocated 1 points to Presence (Moderate).
2024-07-22 23:00:26,201 Allocated 1 points to Fighting (Moderate).
2024-07-22 23:00:26,201 Allocated 0 points to Intellect (Moderate).
2024-07-22 23:00:26,201 Allocated 1 points to Awareness (Low).
2024-07-22 23:00:26,201 Allocated 2 points to Strength (Low).
2024-07-22 23:00:26,201 Distributed remaining points to Dexterity, adding 1 points.
2024-07-22 23:00:26,201 Distributed remaining points to Stamina, adding 1 points.
2024-07-22 23:00:26,201 Distributed remaining points to Agility, adding 1 points.
2024-07-22 23:00:26,201 Distributed remaining points to Presence, adding 1 points.
2024-07-22 23:00:26,201 Distributed remaining points to Fighting, adding 1 points.
2024-07-22 23:00:26,201 Allocated Stats.
2024-07-22 23:00:26,201 Updated Defenses.
2024-07-22 23:00:26,201 Starting skill allocation with 30 points.
2024-07-22 23:00:26,201 Allocated Sleight of Hand: rank 5, cost 3, remaining points 27
2024-07-22 23:00:26,201 Allocated Close Combat: rank 5, cost 3, remaining points 24
2024-07-22 23:00:26,201 Allocated Expertise: rank 4, cost 2, remaining points 22
2024-07-22 23:00:26,201 Allocated Intimidation: rank 4, cost 2, remaining points 20
2024-07-22 23:00:26,201 Allocated Treatment: rank 3, cost 2, remaining points 18
2024-07-22 23:00:26,201 Allocated Acrobatics: rank 4, cost 2, remaining points 16
2024-07-22 23:00:26,201 Allocated Stealth: rank 5, cost 3, remaining points 13
2024-07-22 23:00:26,201 Allocated Investigation: rank 4, cost 2, remaining points 11
2024-07-22 23:00:26,201 Allocated Perception: rank 8, cost 4, remaining points 7
2024-07-22 23:00:26,201 Allocated Technology: rank 7, cost 4, remaining points 3
2024-07-22 23:00:26,201 Allocated Deception: rank 5, cost 3, remaining points 0
2024-07-22 23:00:26,201 Skill allocation complete.
2024-07-22 23:00:26,201 Allocated Skills.
2024-07-22 23:00:26,201 Allocating 30 points to advantages with a max of 20 advantages.
2024-07-22 23:00:26,201 Allocated advantage Daze with rank 1 and cost 1.
2024-07-22 23:00:26,201 Allocated advantage All-out Attack with rank 1 and cost 1.
2024-07-22 23:00:26,201 Allocated advantage Improved Hold with rank 1 and cost 1.
2024-07-22 23:00:26,201 Allocated advantage Improved Defense with rank 1 and cost 1.
2024-07-22 23:00:26,201 Allocated advantage Benefit Alternate Identity with rank 1 and cost 1.
2024-07-22 23:00:26,201 Allocated advantage Uncanny Dodge with rank 1 and cost 1.
2024-07-22 23:00:26,201 Allocated advantage Improved Initiative with rank 9 and cost 9.
2024-07-22 23:00:26,201 Allocated advantage Accurate Attack with rank 1 and cost 1.
2024-07-22 23:00:26,201 Allocated advantage Ultimate Effort with rank 1 and cost 1.
2024-07-22 23:00:26,201 Allocated advantage Animal Empathy with rank 1 and cost 1.
2024-07-22 23:00:26,201 Allocated advantage Artificer with rank 1 and cost 1.
2024-07-22 23:00:26,201 Allocated advantage Fearless with rank 1 and cost 1.
2024-07-22 23:00:26,201 Allocated advantage Taunt with rank 1 and cost 1.
2024-07-22 23:00:26,201 Allocated advantage Agile Feint with rank 1 and cost 1.
2024-07-22 23:00:26,201 Allocated advantage Move-by Action with rank 1 and cost 1.
2024-07-22 23:00:26,201 Allocated advantage Instant Up with rank 1 and cost 1.
2024-07-22 23:00:26,201 Allocated advantage Improved Grab with rank 1 and cost 1.
2024-07-22 23:00:26,201 Allocated advantage Hide in Plain Sight with rank 1 and cost 1.
2024-07-22 23:00:26,201 Allocated advantage Languages with rank 3 and cost 3.
2024-07-22 23:00:26,201 Allocated advantage Weapon Break with rank 1 and cost 1.
2024-07-22 23:00:26,201 Allocated Advantages.
2024-07-22 23:00:26,201 Allocating 30 points to defenses.
2024-07-22 23:00:26,201 Allocated 1 point to Dodge, total rank is now 4.
2024-07-22 23:00:26,201 Allocated 1 point to Fortitude, total rank is now 3.
2024-07-22 23:00:26,201 Allocated 1 point to Parry, total rank is now 3.
2024-07-22 23:00:26,201 Allocated 1 point to Will, total rank is now 2.
2024-07-22 23:00:26,201 Allocated 1 point to Toughness, total rank is now 3.
2024-07-22 23:00:26,201 Allocated 1 point to Dodge, total rank is now 5.
2024-07-22 23:00:26,201 Allocated 1 point to Fortitude, total rank is now 4.
2024-07-22 23:00:26,201 Allocated 1 point to Parry, total rank is now 4.
2024-07-22 23:00:26,201 Allocated 1 point to Will, total rank is now 3.
2024-07-22 23:00:26,201 Allocated 1 point to Toughness, total rank is now 4.
2024-07-22 23:00:26,201 Allocated 1 point to Dodge, total rank is now 6.
2024-07-22 23:00:26,201 Allocated 1 point to Fortitude, total rank is now 5.
2024-07-22 23:00:26,201 Allocated 1 point to Parry, total rank is now 5.
2024-07-22 23:00:26,201 Allocated 1 point to Will, total rank is now 4.
2024-07-22 23:00:26,201 Allocated 1 point to Toughness, total rank is now 5.
2024-07-22 23:00:26,201 Allocated 1 point to Dodge, total rank is now 7.
2024-07-22 23:00:26,201 Allocated 1 point to Fortitude, total rank is now 6.
2024-07-22 23:00:26,202 Allocated 1 point to Parry, total rank is now 6.
2024-07-22 23:00:26,202 Allocated 1 point to Will, total rank is now 5.
2024-07-22 23:00:26,202 Allocated 1 point to Toughness, total rank is now 6.
2024-07-22 23:00:26,202 Allocated 1 point to Dodge, total rank is now 8.
2024-07-22 23:00:26,202 Allocated 1 point to Fortitude, total rank is now 7.
2024-07-22 23:00:26,202 Allocated 1 point to Parry, total rank is now 7.
2024-07-22 23:00:26,202 Allocated 1 point to Will, total rank is now 6.
2024-07-22 23:00:26,202 Allocated 1 point to Toughness, total rank is now 7.
2024-07-22 23:00:26,202 Allocated 1 point to Dodge, total rank is now 9.
2024-07-22 23:00:26,202 Allocated 1 point to Fortitude, total rank is now 8.
2024-07-22 23:00:26,202 Allocated 1 point to Parry, total rank is now 8.
2024-07-22 23:00:26,202 Allocated 1 point to Will, total rank is now 7.
2024-07-22 23:00:26,202 Allocated 1 point to Toughness, total rank is now 8.
2024-07-22 23:00:26,202 Allocated Defenses.
2024-07-22 23:00:26,202 Allocating 30 points to powers with a max of 20 powers.
2024-07-22 23:00:26,202 Allocated power Weaken Attack with rank 16 and total cost 20.
2024-07-22 23:00:26,202 Allocated power Transform Control with rank 2 and total cost 3.
2024-07-22 23:00:26,202 Allocated power Regeneration with rank 5 and total cost 7.
2024-07-22 23:00:26,202 Allocated Powers.
2024-07-22 23:00:26,202 Character generation completed.
2024-07-22 23:00:26,392 Selected Power Types: [('Combat', 'Melee', 2), ('Combat', 'Ranged', 0), ('Utility', None, 2), ('Support', None, 1), ('Movement', None, 2), ('Defensive', None, 1)]
2024-07-22 23:00:26,393 Starting character generation with Power Level: 10
2024-07-22 23:00:26,397 Allocated Points - Stats: 30, Advantages: 30, Skills: 30, Defenses: 30, Powers: 30
2024-07-22 23:00:26,397 Allocating 30 points to stats.
2024-07-22 23:00:26,397 Allocated 1 points to Intellect (High).
2024-07-22 23:00:26,397 Allocated 2 points to Strength (High).
2024-07-22 23:00:26,397 Allocated 1 points to Awareness (High).
2024-07-22 23:00:26,397 Allocated 0 points to Stamina (Moderate).
2024-07-22 23:00:26,397 Allocated 0 points to Agility (Moderate).
2024-07-22 23:00:26,397 Allocated 0 points to Dexterity (Moderate).
2024-07-22 23:00:26,397 Allocated 1 points to Fighting (Low).
2024-07-22 23:00:26,397 Allocated 2 points to Presence (Low).
2024-07-22 23:00:26,397 Distributed remaining points to Intellect, adding 1 points.
2024-07-22 23:00:26,397 Distributed remaining points to Strength, adding 1 points.
2024-07-22 23:00:26,397 Distributed remaining points to Awareness, adding 1 points.
2024-07-22 23:00:26,397 Distributed remaining points to Stamina, adding 1 points.
2024-07-22 23:00:26,397 Distributed remaining points to Agility, adding 1 points.
2024-07-22 23:00:26,397 Distributed remaining points to Dexterity, adding 1 points.
2024-07-22 23:00:26,397 Distributed remaining points to Fighting, adding 1 points.
2024-07-22 23:00:26,397 Distributed remaining points to Presence, adding 1 points.
2024-07-22 23:00:26,397 Allocated Stats.
2024-07-22 23:00:26,397 Updated Defenses.
2024-07-22 23:00:26,397 Starting skill allocation with 30 points.
2024-07-22 23:00:26,397 Allocated Perception: rank 10, cost 5, remaining points 25
2024-07-22 23:00:26,397 Allocated Investigation: rank 6, cost 3, remaining points 22
2024-07-22 23:00:26,397 Allocated Sleight of Hand: rank 6, cost 3, remaining points 19
2024-07-22 23:00:26,397 Allocated Technology: rank 7, cost 4, remaining points 15
2024-07-22 23:00:26,397 Allocated Vehicles: rank 0, cost 0, remaining points 15
2024-07-22 23:00:26,397 Allocated Acrobatics: rank 2, cost 1, remaining points 14
2024-07-22 23:00:26,397 Allocated Stealth: rank 1, cost 1, remaining points 13
2024-07-22 23:00:26,397 Allocated Persuasion: rank 1, cost 1, remaining points 12
2024-07-22 23:00:26,397 Allocated Intimidation: rank 5, cost 3, remaining points 9
2024-07-22 23:00:26,397 Allocated Athletics: rank 4, cost 2, remaining points 7
2024-07-22 23:00:26,397 Allocated Close Combat: rank 5, cost 3, remaining points 4
2024-07-22 23:00:26,397 Allocated Treatment: rank 4, cost 2, remaining points 2
2024-07-22 23:00:26,397 Allocated Insight: rank 3, cost 2, remaining points 0
2024-07-22 23:00:26,397 Skill allocation complete.
2024-07-22 23:00:26,397 Allocated Skills.
2024-07-22 23:00:26,397 Allocating 30 points to advantages with a max of 20 advantages.
2024-07-22 23:00:26,397 Allocated advantage Chokehold with rank 1 and cost 1.
2024-07-22 23:00:26,397 Allocated advantage Assessment with rank 1 and cost 1.
2024-07-22 23:00:26,397 Allocated advantage Tracking with rank 1 and cost 1.
2024-07-22 23:00:26,397 Allocated advantage Throwing Mastery with rank 4 and cost 4.
2024-07-22 23:00:26,397 Allocated advantage Benefit Status with rank 1 and cost 1.
2024-07-22 23:00:26,397 Allocated advantage Eidetic Memory with rank 1 and cost 1.
2024-07-22 23:00:26,397 Allocated advantage Evasion with rank 2 and cost 2.
2024-07-22 23:00:26,397 Allocated advantage Skill Mastery with rank 8 and cost 8.
2024-07-22 23:00:26,397 Allocated advantage Move-by Action with rank 1 and cost 1.
2024-07-22 23:00:26,397 Allocated advantage Daze with rank 1 and cost 1.
2024-07-22 23:00:26,397 Allocated advantage Languages with rank 6 and cost 6.
2024-07-22 23:00:26,397 Allocated advantage Luck with rank 2 and cost 2.
2024-07-22 23:00:26,397 Allocated advantage Diehard with rank 1 and cost 1.
2024-07-22 23:00:26,397 Allocated Advantages.
2024-07-22 23:00:26,397 Allocating 30 points to defenses.
2024-07-22 23:00:26,397 Allocated 1 point to Dodge, total rank is now 2.
2024-07-22 23:00:26,397 Allocated 1 point to Fortitude, total rank is now 2.
2024-07-22 23:00:26,398 Allocated 1 point to Parry, total rank is now 3.
2024-07-22 23:00:26,398 Allocated 1 point to Will, total rank is now 3.
2024-07-22 23:00:26,398 Allocated 1 point to Toughness, total rank is now 2.
2024-07-22 23:00:26,398 Allocated 1 point to Dodge, total rank is now 3.
2024-07-22 23:00:26,398 Allocated 1 point to Fortitude, total rank is now 3.
2024-07-22 23:00:26,398 Allocated 1 point to Parry, total rank is now 4.
2024-07-22 23:00:26,398 Allocated 1 point to Will, total rank is now 4.
2024-07-22 23:00:26,398 Allocated 1 point to Toughness, total rank is now 3.
2024-07-22 23:00:26,398 Allocated 1 point to Dodge, total rank is now 4.
2024-07-22 23:00:26,398 Allocated 1 point to Fortitude, total rank is now 4.
2024-07-22 23:00:26,398 Allocated 1 point to Parry, total rank is now 5.
2024-07-22 23:00:26,398 Allocated 1 point to Will, total rank is now 5.
2024-07-22 23:00:26,398 Allocated 1 point to Toughness, total rank is now 4.
2024-07-22 23:00:26,398 Allocated 1 point to Dodge, total rank is now 5.
2024-07-22 23:00:26,398 Allocated 1 point to Fortitude, total rank is now 5.
2024-07-22 23:00:26,398 Allocated 1 point to Parry, total rank is now 6.
2024-07-22 23:00:26,398 Allocated 1 point to Will, total rank is now 6.
2024-07-22 23:00:26,398 Allocated 1 point to Toughness, total rank is now 5.
2024-07-22 23:00:26,398 Allocated 1 point to Dodge, total rank is now 6.
2024-07-22 23:00:26,398 Allocated 1 point to Fortitude, total rank is now 6.
2024-07-22 23:00:26,398 Allocated 1 point to Parry, total rank is now 7.
2024-07-22 23:00:26,398 Allocated 1 point to Will, total rank is now 7.
2024-07-22 23:00:26,398 Allocated 1 point to Toughness, total rank is now 6.
2024-07-22 23:00:26,398 Allocated 1 point to Dodge, total rank is now 7.
2024-07-22 23:00:26,398 Allocated 1 point to Fortitude, total rank is now 7.
2024-07-22 23:00:26,398 Allocated 1 point to Parry, total rank is now 8.
2024-07-22 23:00:26,398 Allocated 1 point to Will, total rank is now 8.
2024-07-22 23:00:26,398 Allocated 1 point to Toughness, total rank is now 7.
2024-07-22 23:00:26,398 Allocated Defenses.
2024-07-22 23:00:26,398 Allocating 30 points to powers with a max of 20 powers.
2024-07-22 23:00:26,398 Allocated power Weaken Attack with rank 12 and total cost 12.
2024-07-22 23:00:26,398 Allocated power Extra Limbs with rank 16 and total cost 11.
2024-07-22 23:00:26,398 Allocated power Regeneration with rank 4 and total cost 1.
2024-07-22 23:00:26,398 Allocated power Speed with rank 1 and total cost 1.
2024-07-22 23:00:26,398 Allocated power Deflect with rank 4 and total cost 4.
2024-07-22 23:00:26,398 Allocated Powers.
2024-07-22 23:00:26,398 Character generation completed.
2024-07-22 23:00:26,566 Selected Power Types: [('Combat', 'Melee', 2), ('Combat', 'Ranged', 0), ('Utility', None, 2), ('Support', None, 1), ('Movement', None, 2), ('Defensive', None, 1)]
2024-07-22 23:00:26,566 Starting character generation with Power Level: 10
2024-07-22 23:00:26,569 Allocated Points - Stats: 30, Advantages: 30, Skills: 30, Defenses: 30, Powers: 30
2024-07-22 23:00:26,569 Allocating 30 points to stats.
2024-07-22 23:00:26,569 Allocated 2 points to Intellect (High).
2024-07-22 23:00:26,569 Allocated 2 points to Stamina (High).
2024-07-22 23:00:26,569 Allocated 2 points to Agility (High).
2024-07-22 23:00:26,569 Allocated 1 points to Fighting (Moderate).
2024-07-22 23:00:26,569 Allocated 0 points to Strength (Moderate).
2024-07-22 23:00:26,569 Allocated 1 points to Presence (Moderate).
2024-07-22 23:00:26,569 Allocated 1 points to Awareness (Low).
2024-07-22 23:00:26,569 Allocated 1 points to Dexterity (Low).
2024-07-22 23:00:26,569 Distributed remaining points to Intellect, adding 1 points.
2024-07-22 23:00:26,569 Distributed remaining points to Stamina, adding 1 points.
2024-07-22 23:00:26,569 Distributed remaining points to Agility, adding 1 points.
2024-07-22 23:00:26,569 Distributed remaining points to Fighting, adding 1 points.
2024-07-22 23:00:26,569 Distributed remaining points to Strength, adding 1 points.
2024-07-22 23:00:26,569 Allocated Stats.
2024-07-22 23:00:26,569 Updated Defenses.
2024-07-22 23:00:26,569 Starting skill allocation with 30 points.
2024-07-22 23:00:26,569 Allocated Persuasion: rank 2, cost 1, remaining points 29
2024-07-22 23:00:26,569 Allocated Deception: rank 0, cost 0, remaining points 29
2024-07-22 23:00:26,569 Allocated Investigation: rank 0, cost 0, remaining points 29
2024-07-22 23:00:26,569 Allocated Stealth: rank 2, cost 1, remaining points 28
2024-07-22 23:00:26,569 Allocated Close Combat: rank 6, cost 3, remaining points 25
2024-07-22 23:00:26,569 Allocated Treatment: rank 9, cost 5, remaining points 20
2024-07-22 23:00:26,569 Allocated Sleight of Hand: rank 6, cost 3, remaining points 17
2024-07-22 23:00:26,569 Allocated Ranged Combat: rank 9, cost 5, remaining points 12
2024-07-22 23:00:26,569 Allocated Intimidation: rank 3, cost 2, remaining points 10
2024-07-22 23:00:26,569 Allocated Expertise: rank 4, cost 2, remaining points 8
2024-07-22 23:00:26,569 Allocated Acrobatics: rank 3, cost 2, remaining points 6
2024-07-22 23:00:26,569 Allocated Athletics: rank 5, cost 3, remaining points 3
2024-07-22 23:00:26,569 Allocated Vehicles: rank 4, cost 2, remaining points 1
2024-07-22 23:00:26,569 Allocated Insight: rank 1, cost 1, remaining points 0
2024-07-22 23:00:26,569 Skill allocation complete.
2024-07-22 23:00:26,569 Allocated Skills.
2024-07-22 23:00:26,570 Allocating 30 points to advantages with a max of 20 advantages.
2024-07-22 23:00:26,570 Allocated advantage Inventor with rank 1 and cost 1.
2024-07-22 23:00:26,570 Allocated advantage Animal Empathy with rank 1 and cost 1.
2024-07-22 23:00:26,570 Allocated advantage Agile Feint with rank 1 and cost 1.
2024-07-22 23:00:26,570 Allocated advantage Quick Draw with rank 1 and cost 1.
2024-07-22 23:00:26,570 Allocated advantage Contacts with rank 1 and cost 1.
2024-07-22 23:00:26,570 Allocated advantage Hide in Plain Sight with rank 1 and cost 1.
2024-07-22 23:00:26,570 Allocated advantage Leadership with rank 1 and cost 1.
2024-07-22 23:00:26,570 Allocated advantage Taunt with rank 1 and cost 1.
2024-07-22 23:00:26,570 Allocated advantage Defensive Roll with rank 9 and cost 9.
2024-07-22 23:00:26,570 Allocated advantage Jack-of-all-trades with rank 1 and cost 1.
2024-07-22 23:00:26,570 Allocated advantage Weapon Break with rank 1 and cost 1.
2024-07-22 23:00:26,570 Allocated advantage Benefit Ambidexterity with rank 1 and cost 1.
2024-07-22 23:00:26,570 Allocated advantage Grabbing Finesse with rank 1 and cost 1.
2024-07-22 23:00:26,570 Allocated advantage Ritualist with rank 1 and cost 1.
2024-07-22 23:00:26,570 Allocated advantage Uncanny Dodge with rank 1 and cost 1.
2024-07-22 23:00:26,570 Allocated advantage Defensive Attack with rank 1 and cost 1.
2024-07-22 23:00:26,570 Allocated advantage Trance with rank 1 and cost 1.
2024-07-22 23:00:26,570 Allocated advantage Move-by Action with rank 1 and cost 1.
2024-07-22 23:00:26,570 Allocated advantage Improved Grab with rank 1 and cost 1.
2024-07-22 23:00:26,570 Allocated remaining points to Equipment, rank 3.
2024-07-22 23:00:26,570 Allocated Advantages.
2024-07-22 23:00:26,570 Allocating 30 points to defenses.
2024-07-22 23:00:26,570 Allocated 1 point to Dodge, total rank is now 4.
2024-07-22 23:00:26,570 Allocated 1 point to Fortitude, total rank is now 4.
2024-07-22 23:00:26,570 Allocated 1 point to Parry, total rank is now 3.
2024-07-22 23:00:26,570 Allocated 1 point to Will, total rank is now 2.
2024-07-22 23:00:26,570 Allocated 1 point to Toughness, total rank is now 4.
2024-07-22 23:00:26,570 Allocated 1 point to Dodge, total rank is now 5.
2024-07-22 23:00:26,570 Allocated 1 point to Fortitude, total rank is now 5.
2024-07-22 23:00:26,570 Allocated 1 point to Parry, total rank is now 4.
2024-07-22 23:00:26,570 Allocated 1 point to Will, total rank is now 3.
2024-07-22 23:00:26,570 Allocated 1 point to Toughness, total rank is now 5.
2024-07-22 23:00:26,570 Allocated 1 point to Dodge, total rank is now 6.
2024-07-22 23:00:26,570 Allocated 1 point to Fortitude, total rank is now 6.
2024-07-22 23:00:26,570 Allocated 1 point to Parry, total rank is now 5.
2024-07-22 23:00:26,570 Allocated 1 point to Will, total rank is now 4.
2024-07-22 23:00:26,570 Allocated 1 point to Toughness, total rank is now 6.
2024-07-22 23:00:26,570 Allocated 1 point to Dodge, total rank is now 7.
2024-07-22 23:00:26,570 Allocated 1 point to Fortitude, total rank is now 7.
2024-07-22 23:00:26,570 Allocated 1 point to Parry, total rank is now 6.
2024-07-22 23:00:26,570 Allocated 1 point to Will, total rank is now 5.
2024-07-22 23:00:26,570 Allocated 1 point to Toughness, total rank is now 7.
2024-07-22 23:00:26,570 Allocated 1 point to Dodge, total rank is now 8.
2024-07-22 23:00:26,570 Allocated 1 point to Fortitude, total rank is now 8.
2024-07-22 23:00:26,570 Allocated 1 point to Parry, total rank is now 7.
2024-07-22 23:00:26,570 Allocated 1 point to Will, total rank is now 6.
2024-07-22 23:00:26,570 Allocated 1 point to Toughness, total rank is now 8.
2024-07-22 23:00:26,570 Allocated 1 point to Dodge, total rank is now 9.
2024-07-22 23:00:26,570 Allocated 1 point to Fortitude, total rank is now 9.
2024-07-22 23:00:26,570 Allocated 1 point to Parry, total rank is now 8.
2024-07-22 23:00:26,570 Allocated 1 point to Will, total rank is now 7.
2024-07-22 23:00:26,570 Allocated 1 point to Toughness, total rank is now 9.
2024-07-22 23:00:26,570 Allocated Defenses.
2024-07-22 23:00:26,570 Allocating 30 points to powers with a max of 20 powers.
2024-07-22 23:00:26,570 Allocated power Energy Aura with rank 3 and total cost 12.
2024-07-22 23:00:26,570 Allocated power Nullify with rank 5 and total cost 6.
2024-07-22 23:00:26,570 Allocated power Concealment with rank 1 and total cost 1.
2024-07-22 23:00:26,570 Allocated power Environment Control with rank 5 and total cost 5.
2024-07-22 23:00:26,570 Allocated power Regeneration with rank 1 and total cost 1.
2024-07-22 23:00:26,571 Allocated power Protection with rank 5 and total cost 1.
2024-07-22 23:00:26,571 Allocated Powers.
2024-07-22 23:00:26,572 Character generation completed.
2024-07-22 23:00:28,865 Selected Power Types: [('Combat', 'Melee', 2), ('Combat', 'Ranged', 0), ('Utility', None, 2), ('Support', None, 1), ('Movement', None, 2), ('Defensive', None, 1)]
2024-07-22 23:00:28,865 Starting character generation with Power Level: 10
2024-07-22 23:00:28,868 Allocated Points - Stats: 30, Advantages: 30, Skills: 30, Defenses: 30, Powers: 30
2024-07-22 23:00:28,868 Allocating 30 points to stats.
2024-07-22 23:00:28,868 Allocated 1 points to Fighting (High).
2024-07-22 23:00:28,868 Allocated 1 points to Awareness (High).
2024-07-22 23:00:28,868 Allocated 1 points to Stamina (High).
2024-07-22 23:00:28,868 Allocated 1 points to Agility (Moderate).
2024-07-22 23:00:28,868 Allocated 0 points to Dexterity (Moderate).
2024-07-22 23:00:28,868 Allocated 0 points to Intellect (Moderate).
2024-07-22 23:00:28,868 Allocated 1 points to Presence (Low).
2024-07-22 23:00:28,868 Allocated 2 points to Strength (Low).
2024-07-22 23:00:28,868 Distributed remaining points to Fighting, adding 1 points.
2024-07-22 23:00:28,868 Distributed remaining points to Awareness, adding 1 points.
2024-07-22 23:00:28,868 Distributed remaining points to Stamina, adding 1 points.
2024-07-22 23:00:28,868 Distributed remaining points to Agility, adding 1 points.
2024-07-22 23:00:28,868 Distributed remaining points to Dexterity, adding 1 points.
2024-07-22 23:00:28,868 Distributed remaining points to Intellect, adding 1 points.
2024-07-22 23:00:28,868 Distributed remaining points to Presence, adding 1 points.
2024-07-22 23:00:28,868 Distributed remaining points to Strength, adding 1 points.
2024-07-22 23:00:28,868 Allocated Stats.
2024-07-22 23:00:28,868 Updated Defenses.
2024-07-22 23:00:28,868 Starting skill allocation with 30 points.
2024-07-22 23:00:28,869 Allocated Technology: rank 2, cost 1, remaining points 29
2024-07-22 23:00:28,869 Allocated Vehicles: rank 0, cost 0, remaining points 29
2024-07-22 23:00:28,869 Allocated Perception: rank 0, cost 0, remaining points 29
2024-07-22 23:00:28,869 Allocated Intimidation: rank 2, cost 1, remaining points 28
2024-07-22 23:00:28,869 Allocated Close Combat: rank 8, cost 4, remaining points 24
2024-07-22 23:00:28,869 Allocated Acrobatics: rank 6, cost 3, remaining points 21
2024-07-22 23:00:28,869 Allocated Deception: rank 9, cost 5, remaining points 16
2024-07-22 23:00:28,869 Allocated Expertise: rank 9, cost 5, remaining points 11
2024-07-22 23:00:28,869 Allocated Persuasion: rank 4, cost 2, remaining points 9
2024-07-22 23:00:28,869 Allocated Investigation: rank 3, cost 2, remaining points 7
2024-07-22 23:00:28,869 Allocated Ranged Combat: rank 4, cost 2, remaining points 5
2024-07-22 23:00:28,869 Allocated Athletics: rank 3, cost 2, remaining points 3
2024-07-22 23:00:28,869 Allocated Stealth: rank 5, cost 3, remaining points 0
2024-07-22 23:00:28,869 Skill allocation complete.
2024-07-22 23:00:28,869 Allocated Skills.
2024-07-22 23:00:28,869 Allocating 30 points to advantages with a max of 20 advantages.
2024-07-22 23:00:28,869 Allocated advantage Taunt with rank 1 and cost 1.
2024-07-22 23:00:28,869 Allocated advantage Agile Feint with rank 1 and cost 1.
2024-07-22 23:00:28,869 Allocated advantage Extraordinary Effort with rank 1 and cost 1.
2024-07-22 23:00:28,869 Allocated advantage Inventor with rank 1 and cost 1.
2024-07-22 23:00:28,869 Allocated advantage Improved Critical with rank 2 and cost 2.
2024-07-22 23:00:28,869 Allocated advantage Ritualist with rank 1 and cost 1.
2024-07-22 23:00:28,869 Allocated advantage Beginner's Luck with rank 1 and cost 1.
2024-07-22 23:00:28,869 Allocated advantage Evasion with rank 1 and cost 1.
2024-07-22 23:00:28,869 Allocated advantage Fearless with rank 1 and cost 1.
2024-07-22 23:00:28,869 Allocated advantage Teamwork with rank 1 and cost 1.
2024-07-22 23:00:28,869 Allocated advantage Eidetic Memory with rank 1 and cost 1.
2024-07-22 23:00:28,869 Allocated advantage Diehard with rank 1 and cost 1.
2024-07-22 23:00:28,869 Allocated advantage Minion with rank 8 and cost 8.
2024-07-22 23:00:28,869 Allocated advantage Interpose with rank 1 and cost 1.
2024-07-22 23:00:28,869 Allocated advantage Ultimate Effort with rank 1 and cost 1.
2024-07-22 23:00:28,869 Allocated advantage Uncanny Dodge with rank 1 and cost 1.
2024-07-22 23:00:28,869 Allocated advantage Benefit Ambidexterity with rank 1 and cost 1.
2024-07-22 23:00:28,869 Allocated advantage Connected with rank 1 and cost 1.
2024-07-22 23:00:28,869 Allocated advantage Fascinate with rank 1 and cost 1.
2024-07-22 23:00:28,869 Allocated advantage Power Attack with rank 1 and cost 1.
2024-07-22 23:00:28,869 Allocated remaining points to Equipment, rank 2.
2024-07-22 23:00:28,869 Allocated Advantages.
2024-07-22 23:00:28,869 Allocating 30 points to defenses.
2024-07-22 23:00:28,869 Allocated 1 point to Dodge, total rank is now 3.
2024-07-22 23:00:28,869 Allocated 1 point to Fortitude, total rank is now 3.
2024-07-22 23:00:28,869 Allocated 1 point to Parry, total rank is now 3.
2024-07-22 23:00:28,869 Allocated 1 point to Will, total rank is now 3.
2024-07-22 23:00:28,869 Allocated 1 point to Toughness, total rank is now 3.
2024-07-22 23:00:28,869 Allocated 1 point to Dodge, total rank is now 4.
2024-07-22 23:00:28,869 Allocated 1 point to Fortitude, total rank is now 4.
2024-07-22 23:00:28,869 Allocated 1 point to Parry, total rank is now 4.
2024-07-22 23:00:28,869 Allocated 1 point to Will, total rank is now 4.
2024-07-22 23:00:28,869 Allocated 1 point to Toughness, total rank is now 4.
2024-07-22 23:00:28,869 Allocated 1 point to Dodge, total rank is now 5.
2024-07-22 23:00:28,869 Allocated 1 point to Fortitude, total rank is now 5.
2024-07-22 23:00:28,869 Allocated 1 point to Parry, total rank is now 5.
2024-07-22 23:00:28,869 Allocated 1 point to Will, total rank is now 5.
2024-07-22 23:00:28,869 Allocated 1 point to Toughness, total rank is now 5.
2024-07-22 23:00:28,869 Allocated 1 point to Dodge, total rank is now 6.
2024-07-22 23:00:28,869 Allocated 1 point to Fortitude, total rank is now 6.
2024-07-22 23:00:28,869 Allocated 1 point to Parry, total rank is now 6.
2024-07-22 23:00:28,869 Allocated 1 point to Will, total rank is now 6.
2024-07-22 23:00:28,869 Allocated 1 point to Toughness, total rank is now 6.
2024-07-22 23:00:28,869 Allocated 1 point to Dodge, total rank is now 7.
2024-07-22 23:00:28,869 Allocated 1 point to Fortitude, total rank is now 7.
2024-07-22 23:00:28,869 Allocated 1 point to Parry, total rank is now 7.
2024-07-22 23:00:28,869 Allocated 1 point to Will, total rank is now 7.
2024-07-22 23:00:28,870 Allocated 1 point to Toughness, total rank is now 7.
2024-07-22 23:00:28,870 Allocated 1 point to Dodge, total rank is now 8.
2024-07-22 23:00:28,870 Allocated 1 point to Fortitude, total rank is now 8.
2024-07-22 23:00:28,870 Allocated 1 point to Parry, total rank is now 8.
2024-07-22 23:00:28,870 Allocated 1 point to Will, total rank is now 8.
2024-07-22 23:00:28,870 Allocated 1 point to Toughness, total rank is now 8.
2024-07-22 23:00:28,870 Allocated Defenses.
2024-07-22 23:00:28,870 Allocating 30 points to powers with a max of 20 powers.
2024-07-22 23:00:28,870 Allocated power Damage with rank 18 and total cost 16.
2024-07-22 23:00:28,870 Allocated power Weaken Attack with rank 6 and total cost 10.
2024-07-22 23:00:28,870 Allocated power Elongation with rank 1 and total cost 1.
2024-07-22 23:00:28,870 Allocated power Power-Lifting with rank 1 and total cost 1.
2024-07-22 23:00:28,870 Allocated power Regeneration with rank 1 and total cost 1.
2024-07-22 23:00:28,870 Allocated power Quickness with rank 1 and total cost 1.
2024-07-22 23:00:28,870 Allocated Powers.
2024-07-22 23:00:28,871 Character generation completed.
2024-07-22 23:01:12,575 Selected Power Types: [('Combat', 'Melee', 2), ('Combat', 'Ranged', 0), ('Utility', None, 2), ('Support', None, 1), ('Movement', None, 2), ('Defensive', None, 1)]
2024-07-22 23:01:12,575 Starting character generation with Power Level: 10
2024-07-22 23:01:12,578 Allocated Points - Stats: 30, Advantages: 30, Skills: 30, Defenses: 30, Powers: 90
2024-07-22 23:01:12,578 Allocating 30 points to stats.
2024-07-22 23:01:12,578 Allocated 2 points to Awareness (High).
2024-07-22 23:01:12,578 Allocated 2 points to Agility (High).
2024-07-22 23:01:12,578 Allocated 1 points to Stamina (High).
2024-07-22 23:01:12,578 Allocated 1 points to Fighting (Moderate).
2024-07-22 23:01:12,578 Allocated 1 points to Dexterity (Moderate).
2024-07-22 23:01:12,578 Allocated 0 points to Intellect (Moderate).
2024-07-22 23:01:12,578 Allocated 2 points to Presence (Low).
2024-07-22 23:01:12,578 Allocated 1 points to Strength (Low).
2024-07-22 23:01:12,578 Distributed remaining points to Awareness, adding 1 points.
2024-07-22 23:01:12,578 Distributed remaining points to Agility, adding 1 points.
2024-07-22 23:01:12,578 Distributed remaining points to Stamina, adding 1 points.
2024-07-22 23:01:12,578 Distributed remaining points to Fighting, adding 1 points.
2024-07-22 23:01:12,578 Distributed remaining points to Dexterity, adding 1 points.
2024-07-22 23:01:12,578 Allocated Stats.
2024-07-22 23:01:12,578 Updated Defenses.
2024-07-22 23:01:12,578 Starting skill allocation with 30 points.
2024-07-22 23:01:12,578 Allocated Acrobatics: rank 3, cost 2, remaining points 28
2024-07-22 23:01:12,579 Allocated Deception: rank 5, cost 3, remaining points 25
2024-07-22 23:01:12,579 Allocated Stealth: rank 4, cost 2, remaining points 23
2024-07-22 23:01:12,579 Allocated Treatment: rank 4, cost 2, remaining points 21
2024-07-22 23:01:12,579 Allocated Insight: rank 3, cost 2, remaining points 19
2024-07-22 23:01:12,579 Allocated Persuasion: rank 5, cost 3, remaining points 16
2024-07-22 23:01:12,579 Allocated Perception: rank 5, cost 3, remaining points 13
2024-07-22 23:01:12,579 Allocated Vehicles: rank 5, cost 3, remaining points 10
2024-07-22 23:01:12,579 Allocated Expertise: rank 10, cost 5, remaining points 5
2024-07-22 23:01:12,579 Allocated Sleight of Hand: rank 10, cost 5, remaining points 0
2024-07-22 23:01:12,579 Skill allocation complete.
2024-07-22 23:01:12,579 Allocated Skills.
2024-07-22 23:01:12,579 Allocating 30 points to advantages with a max of 20 advantages.
2024-07-22 23:01:12,579 Allocated advantage Second Chance with rank 4 and cost 4.
2024-07-22 23:01:12,579 Allocated advantage Startle with rank 1 and cost 1.
2024-07-22 23:01:12,579 Allocated advantage Ritualist with rank 1 and cost 1.
2024-07-22 23:01:12,579 Allocated advantage Instant Up with rank 1 and cost 1.
2024-07-22 23:01:12,579 Allocated advantage Power Attack with rank 1 and cost 1.
2024-07-22 23:01:12,579 Allocated advantage Skill Mastery with rank 8 and cost 8.
2024-07-22 23:01:12,579 Allocated advantage Weapon Bind with rank 1 and cost 1.
2024-07-22 23:01:12,579 Allocated advantage Inventor with rank 1 and cost 1.
2024-07-22 23:01:12,579 Allocated advantage Leadership with rank 1 and cost 1.
2024-07-22 23:01:12,579 Allocated advantage Jack-of-all-trades with rank 1 and cost 1.
2024-07-22 23:01:12,579 Allocated advantage Improved Hold with rank 1 and cost 1.
2024-07-22 23:01:12,579 Allocated advantage Accurate Attack with rank 1 and cost 1.
2024-07-22 23:01:12,579 Allocated advantage Extraordinary Effort with rank 1 and cost 1.
2024-07-22 23:01:12,579 Allocated advantage Precise Attack with rank 4 and cost 4.
2024-07-22 23:01:12,579 Allocated advantage Move-by Action with rank 1 and cost 1.
2024-07-22 23:01:12,579 Allocated advantage Improved Disarm with rank 1 and cost 1.
2024-07-22 23:01:12,579 Allocated advantage Defensive Roll with rank 1 and cost 1.
2024-07-22 23:01:12,579 Allocated Advantages.
2024-07-22 23:01:12,579 Allocating 30 points to defenses.
2024-07-22 23:01:12,579 Allocated 1 point to Dodge, total rank is now 4.
2024-07-22 23:01:12,579 Allocated 1 point to Fortitude, total rank is now 3.
2024-07-22 23:01:12,579 Allocated 1 point to Parry, total rank is now 3.
2024-07-22 23:01:12,579 Allocated 1 point to Will, total rank is now 4.
2024-07-22 23:01:12,579 Allocated 1 point to Toughness, total rank is now 3.
2024-07-22 23:01:12,579 Allocated 1 point to Dodge, total rank is now 5.
2024-07-22 23:01:12,579 Allocated 1 point to Fortitude, total rank is now 4.
2024-07-22 23:01:12,579 Allocated 1 point to Parry, total rank is now 4.
2024-07-22 23:01:12,579 Allocated 1 point to Will, total rank is now 5.
2024-07-22 23:01:12,579 Allocated 1 point to Toughness, total rank is now 4.
2024-07-22 23:01:12,579 Allocated 1 point to Dodge, total rank is now 6.
2024-07-22 23:01:12,579 Allocated 1 point to Fortitude, total rank is now 5.
2024-07-22 23:01:12,579 Allocated 1 point to Parry, total rank is now 5.
2024-07-22 23:01:12,579 Allocated 1 point to Will, total rank is now 6.
2024-07-22 23:01:12,579 Allocated 1 point to Toughness, total rank is now 5.
2024-07-22 23:01:12,579 Allocated 1 point to Dodge, total rank is now 7.
2024-07-22 23:01:12,579 Allocated 1 point to Fortitude, total rank is now 6.
2024-07-22 23:01:12,579 Allocated 1 point to Parry, total rank is now 6.
2024-07-22 23:01:12,579 Allocated 1 point to Will, total rank is now 7.
2024-07-22 23:01:12,579 Allocated 1 point to Toughness, total rank is now 6.
2024-07-22 23:01:12,579 Allocated 1 point to Dodge, total rank is now 8.
2024-07-22 23:01:12,579 Allocated 1 point to Fortitude, total rank is now 7.
2024-07-22 23:01:12,579 Allocated 1 point to Parry, total rank is now 7.
2024-07-22 23:01:12,579 Allocated 1 point to Will, total rank is now 8.
2024-07-22 23:01:12,579 Allocated 1 point to Toughness, total rank is now 7.
2024-07-22 23:01:12,579 Allocated 1 point to Dodge, total rank is now 9.
2024-07-22 23:01:12,579 Allocated 1 point to Fortitude, total rank is now 8.
2024-07-22 23:01:12,579 Allocated 1 point to Parry, total rank is now 8.
2024-07-22 23:01:12,579 Allocated 1 point to Will, total rank is now 9.
2024-07-22 23:01:12,579 Allocated 1 point to Toughness, total rank is now 8.
2024-07-22 23:01:12,579 Allocated Defenses.
2024-07-22 23:01:12,579 Allocating 90 points to powers with a max of 20 powers.
2024-07-22 23:01:12,579 Allocated power Damage with rank 13 and total cost 8.
2024-07-22 23:01:12,580 Allocated power Nullify with rank 10 and total cost 14.
2024-07-22 23:01:12,580 Allocated power Extra Limbs with rank 15 and total cost 10.
2024-07-22 23:01:12,580 Allocated power Enhanced Trait Dodge with rank 14 and total cost 9.
2024-07-22 23:01:12,580 Allocated power Regeneration with rank 9 and total cost 8.
2024-07-22 23:01:12,580 Allocated power Quickness with rank 9 and total cost 9.
2024-07-22 23:01:12,580 Allocated power Burrowing with rank 19 and total cost 22.
2024-07-22 23:01:12,580 Allocated power Immunity with rank 8 and total cost 10.
2024-07-22 23:01:12,580 Allocated Powers.
2024-07-22 23:01:12,580 An error occurred during character generation.
Traceback (most recent call last):
  File "C:\Users\Lawre\Documents\GitHub\DCUGenChar\dcuqa.py", line 549, in generate_character
    character = enforce_rules(character, power_level)
                ^^^^^^^^^^^^^^^^^^^^^^^^^^^^^^^^^^^^^
  File "C:\Users\Lawre\Documents\GitHub\DCUGenChar\dcuqa.py", line 67, in enforce_rules
    raise ValueError("Dodge and Toughness exceed the allowed limit")
ValueError: Dodge and Toughness exceed the allowed limit
2024-07-22 23:01:17,344 Selected Power Types: [('Combat', 'Melee', 2), ('Combat', 'Ranged', 0), ('Utility', None, 2), ('Support', None, 1), ('Movement', None, 2), ('Defensive', None, 1)]
2024-07-22 23:01:17,344 Starting character generation with Power Level: 10
2024-07-22 23:01:17,347 Allocated Points - Stats: 30, Advantages: 30, Skills: 30, Defenses: 30, Powers: 90
2024-07-22 23:01:17,347 Allocating 30 points to stats.
2024-07-22 23:01:17,347 Allocated 1 points to Strength (High).
2024-07-22 23:01:17,347 Allocated 2 points to Dexterity (High).
2024-07-22 23:01:17,347 Allocated 1 points to Intellect (High).
2024-07-22 23:01:17,347 Allocated 0 points to Fighting (Moderate).
2024-07-22 23:01:17,347 Allocated 1 points to Presence (Moderate).
2024-07-22 23:01:17,347 Allocated 0 points to Awareness (Moderate).
2024-07-22 23:01:17,347 Allocated 2 points to Agility (Low).
2024-07-22 23:01:17,347 Allocated 2 points to Stamina (Low).
2024-07-22 23:01:17,347 Distributed remaining points to Strength, adding 1 points.
2024-07-22 23:01:17,347 Distributed remaining points to Dexterity, adding 1 points.
2024-07-22 23:01:17,347 Distributed remaining points to Intellect, adding 1 points.
2024-07-22 23:01:17,347 Distributed remaining points to Fighting, adding 1 points.
2024-07-22 23:01:17,347 Distributed remaining points to Presence, adding 1 points.
2024-07-22 23:01:17,347 Distributed remaining points to Awareness, adding 1 points.
2024-07-22 23:01:17,347 Allocated Stats.
2024-07-22 23:01:17,348 Updated Defenses.
2024-07-22 23:01:17,348 Starting skill allocation with 30 points.
2024-07-22 23:01:17,348 Allocated Investigation: rank 7, cost 4, remaining points 26
2024-07-22 23:01:17,348 Allocated Treatment: rank 6, cost 3, remaining points 23
2024-07-22 23:01:17,348 Allocated Technology: rank 9, cost 5, remaining points 18
2024-07-22 23:01:17,348 Allocated Acrobatics: rank 10, cost 5, remaining points 13
2024-07-22 23:01:17,348 Allocated Sleight of Hand: rank 4, cost 2, remaining points 11
2024-07-22 23:01:17,348 Allocated Intimidation: rank 5, cost 3, remaining points 8
2024-07-22 23:01:17,348 Allocated Ranged Combat: rank 3, cost 2, remaining points 6
2024-07-22 23:01:17,348 Allocated Deception: rank 5, cost 3, remaining points 3
2024-07-22 23:01:17,348 Allocated Perception: rank 5, cost 3, remaining points 0
2024-07-22 23:01:17,348 Skill allocation complete.
2024-07-22 23:01:17,348 Allocated Skills.
2024-07-22 23:01:17,348 Allocating 30 points to advantages with a max of 20 advantages.
2024-07-22 23:01:17,348 Allocated advantage Luck with rank 7 and cost 7.
2024-07-22 23:01:17,348 Allocated advantage Beginner's Luck with rank 1 and cost 1.
2024-07-22 23:01:17,348 Allocated advantage Benefit Alternate Identity with rank 1 and cost 1.
2024-07-22 23:01:17,348 Allocated advantage Instant Up with rank 1 and cost 1.
2024-07-22 23:01:17,348 Allocated advantage Uncanny Dodge with rank 1 and cost 1.
2024-07-22 23:01:17,348 Allocated advantage Accurate Attack with rank 1 and cost 1.
2024-07-22 23:01:17,348 Allocated advantage Agile Feint with rank 1 and cost 1.
2024-07-22 23:01:17,348 Allocated advantage Daze with rank 1 and cost 1.
2024-07-22 23:01:17,348 Allocated advantage Evasion with rank 2 and cost 2.
2024-07-22 23:01:17,348 Allocated advantage Weapon Break with rank 1 and cost 1.
2024-07-22 23:01:17,348 Allocated advantage Tracking with rank 1 and cost 1.
2024-07-22 23:01:17,348 Allocated advantage Defensive Attack with rank 1 and cost 1.
2024-07-22 23:01:17,348 Allocated advantage Second Chance with rank 1 and cost 1.
2024-07-22 23:01:17,348 Allocated advantage Benefit Ambidexterity with rank 1 and cost 1.
2024-07-22 23:01:17,348 Allocated advantage Seize Initiative with rank 1 and cost 1.
2024-07-22 23:01:17,348 Allocated advantage Extraordinary Effort with rank 1 and cost 1.
2024-07-22 23:01:17,348 Allocated advantage Benefit Security Clearance with rank 1 and cost 1.
2024-07-22 23:01:17,348 Allocated advantage Great Endurance with rank 1 and cost 1.
2024-07-22 23:01:17,348 Allocated advantage Fascinate with rank 1 and cost 1.
2024-07-22 23:01:17,348 Allocated advantage Improved Defense with rank 1 and cost 1.
2024-07-22 23:01:17,348 Allocated remaining points to Equipment, rank 3.
2024-07-22 23:01:17,348 Allocated Advantages.
2024-07-22 23:01:17,348 Allocating 30 points to defenses.
2024-07-22 23:01:17,348 Allocated 1 point to Dodge, total rank is now 3.
2024-07-22 23:01:17,348 Allocated 1 point to Fortitude, total rank is now 3.
2024-07-22 23:01:17,348 Allocated 1 point to Parry, total rank is now 2.
2024-07-22 23:01:17,348 Allocated 1 point to Will, total rank is now 2.
2024-07-22 23:01:17,348 Allocated 1 point to Toughness, total rank is now 3.
2024-07-22 23:01:17,348 Allocated 1 point to Dodge, total rank is now 4.
2024-07-22 23:01:17,348 Allocated 1 point to Fortitude, total rank is now 4.
2024-07-22 23:01:17,348 Allocated 1 point to Parry, total rank is now 3.
2024-07-22 23:01:17,348 Allocated 1 point to Will, total rank is now 3.
2024-07-22 23:01:17,348 Allocated 1 point to Toughness, total rank is now 4.
2024-07-22 23:01:17,348 Allocated 1 point to Dodge, total rank is now 5.
2024-07-22 23:01:17,348 Allocated 1 point to Fortitude, total rank is now 5.
2024-07-22 23:01:17,348 Allocated 1 point to Parry, total rank is now 4.
2024-07-22 23:01:17,348 Allocated 1 point to Will, total rank is now 4.
2024-07-22 23:01:17,348 Allocated 1 point to Toughness, total rank is now 5.
2024-07-22 23:01:17,348 Allocated 1 point to Dodge, total rank is now 6.
2024-07-22 23:01:17,348 Allocated 1 point to Fortitude, total rank is now 6.
2024-07-22 23:01:17,348 Allocated 1 point to Parry, total rank is now 5.
2024-07-22 23:01:17,348 Allocated 1 point to Will, total rank is now 5.
2024-07-22 23:01:17,348 Allocated 1 point to Toughness, total rank is now 6.
2024-07-22 23:01:17,348 Allocated 1 point to Dodge, total rank is now 7.
2024-07-22 23:01:17,348 Allocated 1 point to Fortitude, total rank is now 7.
2024-07-22 23:01:17,348 Allocated 1 point to Parry, total rank is now 6.
2024-07-22 23:01:17,348 Allocated 1 point to Will, total rank is now 6.
2024-07-22 23:01:17,348 Allocated 1 point to Toughness, total rank is now 7.
2024-07-22 23:01:17,348 Allocated 1 point to Dodge, total rank is now 8.
2024-07-22 23:01:17,348 Allocated 1 point to Fortitude, total rank is now 8.
2024-07-22 23:01:17,348 Allocated 1 point to Parry, total rank is now 7.
2024-07-22 23:01:17,348 Allocated 1 point to Will, total rank is now 7.
2024-07-22 23:01:17,349 Allocated 1 point to Toughness, total rank is now 8.
2024-07-22 23:01:17,349 Allocated Defenses.
2024-07-22 23:01:17,349 Allocating 90 points to powers with a max of 20 powers.
2024-07-22 23:01:17,349 Allocated power Weaken Attack with rank 14 and total cost 18.
2024-07-22 23:01:17,349 Allocated power Energy Aura with rank 11 and total cost 43.
2024-07-22 23:01:17,349 Allocated power Enhanced Trait Parry with rank 4 and total cost 2.
2024-07-22 23:01:17,349 Allocated power Transform Control with rank 3 and total cost 8.
2024-07-22 23:01:17,349 Allocated power Regeneration with rank 16 and total cost 15.
2024-07-22 23:01:17,349 Allocated power Swimming with rank 3 and total cost 3.
2024-07-22 23:01:17,349 Allocated power Burrowing with rank 1 and total cost 1.
2024-07-22 23:01:17,349 Allocated Powers.
2024-07-22 23:01:17,350 Character generation completed.
